Adicionando 100 de farinha
Misturando até condição 1
Assando bolo
Servindo bolo
